QuestaSim-64 qrun 2025.2 Utility 2025.05 May 31 2025
Start time: 18:49:24 on Sep 27,2026
qrun -batch -access=rw+/. -uvmhome uvm-1.2 -timescale 1ns/1ns "+UVM_TESTNAME=my_test_cb" -mfcu design.sv testbench.sv -voptargs="+acc=npr" "+UVM_TESTNAME=my_test_cb" "+UVM_VERBOSITY=UVM_NONE" -do " run -all; exit" 
** Note: (qrun-220) 'modelsim.ini' is used as the ini file.
Creating library 'qrun.out/work'.
Mapping library 'mtiUvm' to 'qrun.out/work'.
** Note: (vmap-220) 'modelsim.ini' is used as the ini file.
QuestaSim-64 vlog 2025.2 Compiler 2025.05 May 31 2025
Start time: 18:49:24 on Sep 27,2026
vlog -timescale 1ns/1ns -mfcu -ccflags "-Wno-missing-declarations" -ccflags "-Wno-maybe-uninitialized" -ccflags "-Wno-return-type" -ccflags "-DQUESTA" /usr/share/questa/questasim/verilog_src/uvm-1.2/src/dpi/uvm_dpi.cc /usr/share/questa/questasim/verilog_src/uvm-1.2/src/uvm_pkg.sv /usr/share/questa/questasim/verilog_src/questa_uvm_pkg-1.2/src/questa_uvm_pkg.sv design.sv testbench.sv -work qrun.out/work "+incdir+/usr/share/questa/questasim/verilog_src/uvm-1.2/src" -statslog qrun.out/stats_log -csession=incr 
** Note: (vlog-220) 'modelsim.ini' is used as the ini file.
-- Compiling package uvm_pkg (uvm-1.2 Built-in)
-- Compiling package questa_uvm_pkg
-- Importing package uvm_pkg (uvm-1.2 Built-in)
-- Compiling interface dut_if
-- Compiling module dut
-- Compiling package my_testbench_pkg
-- Compiling module top
-- Importing package my_testbench_pkg

Top level modules:
	top
** Note: (vlog-7082) For C/C++ auto compile, choosing compiler /usr/bin/g++ set from the PATH environment variable.
-- Compiling DPI/PLI C++ file /usr/share/questa/questasim/verilog_src/uvm-1.2/src/dpi/uvm_dpi.cc
End time: 18:49:26 on Sep 27,2026, Elapsed time: 0:00:02
Errors: 0, Warnings: 0
QuestaSim-64 vopt 2025.2 Compiler 2025.05 May 31 2025
** Warning: (vopt-10587) Some optimizations are turned off because the +acc switch is in effect. This will cause your simulation to run slowly. Please use -access/-debug to maintain needed visibility. The +acc switch would be deprecated in a future release.
Start time: 18:49:26 on Sep 27,2026
vopt -access=rw+/. -timescale 1ns/1ns -mfcu "+acc=npr" -findtoplevels qrun.out/work+2+ -work qrun.out/work -statslog qrun.out/stats_log -csession=incr -o qrun_opt -csessionid=3 
** Note: (vopt-220) 'modelsim.ini' is used as the ini file.

Top level modules:
	top

Analyzing design...
-- Loading module top
-- Importing package uvm_pkg (uvm-1.2 Built-in)
-- Importing package my_testbench_pkg
-- Loading package questa_uvm_pkg
-- Loading interface dut_if
-- Loading module dut
Optimizing 7 design-units (inlining 0/3 module instances):
-- Optimizing package uvm_pkg (uvm-1.2 Built-in)(fast)
-- Optimizing package questa_uvm_pkg(fast)
-- Optimizing package my_testbench_pkg(fast)
-- Optimizing module dut(fast)
-- Optimizing module top(fast)
-- Optimizing interface dut_if(fast__2)
-- Optimizing interface dut_if(fast)
Optimized design name is qrun_opt
End time: 18:49:33 on Sep 27,2026, Elapsed time: 0:00:07
Errors: 0, Warnings: 1
# ** Note: (vsim-220) 'modelsim.ini' is used as the ini file.
# vsim -batch "+UVM_TESTNAME=my_test_cb" "+UVM_TESTNAME=my_test_cb" "+UVM_VERBOSITY=UVM_NONE" -lib qrun.out/work -do " run -all; exit" -statslog qrun.out/stats_log qrun_opt -appendlog -l qrun.log 
# Start time: 18:49:33 on Sep 27,2026
# Loading /tmp/root@2455aa9c599c_dpi_36/linux_x86_64_gcc-11/export_tramp.so
# //  Questa Sim-64
# //  Version 2025.2 linux_x86_64 May 31 2025
# //
# // Unpublished work. Copyright 2025 Siemens
# //
# // This material contains trade secrets or otherwise confidential information
# // owned by Siemens Industry Software Inc. or its affiliates (collectively,
# // "SISW"), or its licensors. Access to and use of this information is strictly
# // limited as set forth in the Customer's applicable agreements with SISW.
# //
# // This material may not be copied, distributed, or otherwise disclosed outside
# // of the Customer's facilities without the express written permission of SISW,
# // and may not be used in any way not expressly authorized by SISW.
# //
# Loading sv_std.std
# Loading work.dut_if(fast)
# Loading work.uvm_pkg(fast)
# Loading work.my_testbench_pkg(fast)
# Loading work.questa_uvm_pkg(fast)
# Loading work.top(fast)
# Loading work.dut_if(fast__2)
# Loading work.dut(fast)
# ** Warning: (vsim-8441) Clocking block output dut_vif.cb.wdata is not legal in this
# or another expression.
#    Time: 0 ns  Iteration: 0  Region: /my_testbench_pkg::my_driver File: my_driver.svh Line: 56
# ** Note: (vsim-7082) For C/C++ auto compile, choosing compiler /usr/bin/g++ set from the PATH environment variable.
# Compiling /tmp/root@2455aa9c599c_dpi_36/linux_x86_64_gcc-11/exportwrapper.c
# Loading /tmp/root@2455aa9c599c_dpi_36/linux_x86_64_gcc-11/vsim_auto_compile.so
# 
# run -all
# UVM_INFO /usr/share/questa/questasim/verilog_src/uvm-1.2/src/base/uvm_root.svh(392) @ 0: reporter [UVM/RELNOTES] 
# ----------------------------------------------------------------
# UVM-1.2
# (C) 2007-2014 Mentor Graphics Corporation
# (C) 2007-2014 Cadence Design Systems, Inc.
# (C) 2006-2014 Synopsys, Inc.
# (C) 2011-2013 Cypress Semiconductor Corp.
# (C) 2013-2014 NVIDIA Corporation
# ----------------------------------------------------------------
# 
#   ***********       IMPORTANT RELEASE NOTES         ************
# 
#   You are using a version of the UVM library that has been compiled
#   with `UVM_NO_DEPRECATED undefined.
#   See http://www.eda.org/svdb/view.php?id=3313 for more details.
# 
#   You are using a version of the UVM library that has been compiled
#   with `UVM_OBJECT_DO_NOT_NEED_CONSTRUCTOR undefined.
#   See http://www.eda.org/svdb/view.php?id=3770 for more details.
# 
#       (Specify +UVM_NO_RELNOTES to turn off this notice)
# 
# UVM_WARNING @ 0: reporter [MULTTST] Multiple (2) +UVM_TESTNAME arguments provided on the command line.  'my_test_cb' will be used.  Provided list: my_test_cb, my_test_cb.
# UVM_INFO /usr/share/questa/questasim/verilog_src/uvm-1.2/src/base/uvm_root.svh(579) @ 0: reporter [UVMTOP] UVM testbench topology:
# -------------------------------------
# Name          Type        Size  Value
# -------------------------------------
# uvm_test_top  my_test_cb  -     @362 
#   reg_env     my_reg_env  -     @372 
# -------------------------------------
# 
# UVM_INFO /usr/share/questa/questasim/verilog_src/uvm-1.2/src/base/uvm_root.svh(579) @ 0: reporter [UVMTOP] UVM testbench topology:
# ---------------------------------------------------------------------------
# Name                       Type                                 Size  Value
# ---------------------------------------------------------------------------
# uvm_test_top               my_test_cb                           -     @362 
#   reg_env                  my_reg_env                           -     @372 
#     agent                  my_agent                             -     @382 
#       driver               my_driver                            -     @461 
#         rsp_port           uvm_analysis_port                    -     @478 
#         seq_item_port      uvm_seq_item_pull_port               -     @469 
#       monitor              my_monitor                           -     @487 
#         mon_ap             uvm_analysis_port                    -     @620 
#       sequencer            my_sequencer                         -     @495 
#         rsp_export         uvm_analysis_export                  -     @503 
#         seq_item_export    uvm_seq_item_pull_imp                -     @609 
#         arbitration_queue  array                                0     -    
#         lock_queue         array                                0     -    
#         num_last_reqs      integral                             32    'd1  
#         num_last_rsps      integral                             32    'd1  
#     predictor              uvm_reg_predictor #(my_transaction)  -     @393 
#       bus_in               uvm_analysis_imp                     -     @405 
#       reg_ap               uvm_analysis_port                    -     @414 
# ---------------------------------------------------------------------------
# 
# UVM_INFO my_reg_cb_seq.svh(35) @ 45: uvm_test_top.reg_env.agent.sequencer@@seq [REG_CB_SEQ, RDR, WRITE 32'h000000AA] 
# UVM_INFO my_reg_cb_seq.svh(39) @ 75: uvm_test_top.reg_env.agent.sequencer@@seq [REG_CB_SEQ, ISR, WRITE 1 TO TC AND RXNE BITS (BIT 6 AND BIT 5)] 
# UVM_INFO my_reg_cb_seq.svh(43) @ 105: uvm_test_top.reg_env.agent.sequencer@@seq [REG_CB_SEQ, ISR, AFTER WRITE] real value of ISR: 00000060
# UVM_INFO my_usart_callback.svh(28) @ 165: reporter [CALL BACK] RDR READ, CLEARING RXNE
# UVM_INFO my_reg_cb_seq.svh(48) @ 165: uvm_test_top.reg_env.agent.sequencer@@seq [REG_CB_SEQ, RDR READ] read value of RDR: 000000aa
# UVM_INFO my_reg_cb_seq.svh(51) @ 165: uvm_test_top.reg_env.agent.sequencer@@seq [REG_CB_SEQ, ISR, DESIRED VALUE AFTER READING RDR] desired value of ISR: 0000000000000040
# UVM_INFO my_reg_cb_seq.svh(54) @ 165: uvm_test_top.reg_env.agent.sequencer@@seq [REG_CB_SEQ, ISR, MIRRORED VALUE AFTER READING RDR] mirrored value of ISR: 0000000000000040
# UVM_INFO my_reg_cb_seq.svh(57) @ 165: uvm_test_top.reg_env.agent.sequencer@@seq [REG_CB_SEQ, ISR, AFTER READING RDR] real value of ISR: 00000040
# UVM_INFO my_reg_cb_seq.svh(63) @ 195: uvm_test_top.reg_env.agent.sequencer@@seq [REG_CB_SEQ, ISR, WRITE 1 TO TC AND RXNE BITS (BIT 6 AND BIT 5)] 
# UVM_INFO my_reg_cb_seq.svh(67) @ 225: uvm_test_top.reg_env.agent.sequencer@@seq [REG_CB_SEQ, ISR, AFTER WRITE] real value of ISR: 00000060
# UVM_INFO my_reg_cb_seq.svh(71) @ 255: uvm_test_top.reg_env.agent.sequencer@@seq [REG_CB_SEQ, RQR, WRITE 1 TO RXFRQ BIT (BIT 3)] 
# UVM_INFO my_usart_callback.svh(46) @ 285: reporter [CALL BACK] RQR WRITE, Bit 3 (RXFRQ) = 1, CLEARING RXNE
# UVM_INFO my_reg_cb_seq.svh(75) @ 285: uvm_test_top.reg_env.agent.sequencer@@seq [REG_CB_SEQ, ISR, DESIRED VALUE AFTER WRITING 1 TO RXFRQ BIT OF RQR] desired value of ISR: 0000000000000040
# UVM_INFO my_reg_cb_seq.svh(78) @ 285: uvm_test_top.reg_env.agent.sequencer@@seq [REG_CB_SEQ, ISR, MIRRORED VALUE AFTER WRITING 1 TO RXFRQ BIT OF RQR] mirrored value of ISR: 0000000000000040
# UVM_INFO my_reg_cb_seq.svh(81) @ 285: uvm_test_top.reg_env.agent.sequencer@@seq [REG_CB_SEQ, ISR, PEEK AFTER WRITING 1 TO RXFRQ BIT OF RQR] real value of ISR: 00000040
# UVM_INFO my_reg_cb_seq.svh(87) @ 315: uvm_test_top.reg_env.agent.sequencer@@seq [REG_CB_SEQ, ISR, WRITE 1 TO TC AND RXNE BITS (BIT 6 AND BIT 5)] 
# UVM_INFO my_reg_cb_seq.svh(91) @ 345: uvm_test_top.reg_env.agent.sequencer@@seq [REG_CB_SEQ, ISR, AFTER WRITE] real value of ISR: 00000060
# UVM_INFO my_reg_cb_seq.svh(95) @ 375: uvm_test_top.reg_env.agent.sequencer@@seq [REG_CB_SEQ, TDR, WRITING TO THE TDR] 
# UVM_INFO my_usart_callback.svh(60) @ 405: reporter [CALL BACK] TDR WRITE, CLEARING TC
# UVM_INFO my_reg_cb_seq.svh(104) @ 465: uvm_test_top.reg_env.agent.sequencer@@seq [REG_CB_SEQ, ISR, DESIRED VALUE AFTER WRITING TDR] desired value of ISR: 0000000000000020
# UVM_INFO my_reg_cb_seq.svh(107) @ 465: uvm_test_top.reg_env.agent.sequencer@@seq [REG_CB_SEQ, ISR, MIRRORED VALUE AFTER WRITING TDR] mirrored value of ISR: 0000000000000020
# UVM_INFO my_reg_cb_seq.svh(110) @ 465: uvm_test_top.reg_env.agent.sequencer@@seq [REG_CB_SEQ, ISR, AFTER WRITING TDR] real value of ISR: 00000020
# UVM_INFO my_reg_cb_seq.svh(117) @ 495: uvm_test_top.reg_env.agent.sequencer@@seq [REG_CB_SEQ, ISR, WRITE 1 TO TC AND RXNE BITS (BIT 6 AND BIT 5)] 
# UVM_INFO my_reg_cb_seq.svh(121) @ 525: uvm_test_top.reg_env.agent.sequencer@@seq [REG_CB_SEQ, ISR, AFTER WRITE] real value of ISR: 00000060
# UVM_INFO my_reg_cb_seq.svh(125) @ 555: uvm_test_top.reg_env.agent.sequencer@@seq [REG_CB_SEQ, ICR, WRITE 1 TO TCCF BIT (BIT 6)] 
# UVM_INFO my_usart_callback.svh(53) @ 585: reporter [CALL BACK] ICR WRITE, Bit 6 (TCCF) = 1, CLEARING TC
# UVM_INFO my_reg_cb_seq.svh(129) @ 585: uvm_test_top.reg_env.agent.sequencer@@seq [REG_CB_SEQ, ISR, DESIRED VALUE AFTER WRITING 1 TO TCCF BIT OF ICR] desired value of ISR: 0000000000000020
# UVM_INFO my_reg_cb_seq.svh(132) @ 585: uvm_test_top.reg_env.agent.sequencer@@seq [REG_CB_SEQ, ISR, MIRRORED VALUE AFTER WRITING 1 TO TCCF BIT OF ICR] mirrored value of ISR: 0000000000000020
# UVM_INFO my_reg_cb_seq.svh(135) @ 585: uvm_test_top.reg_env.agent.sequencer@@seq [REG_CB_SEQ, ISR, PEEK AFTER WRITING 1 TO TCCF BIT OF ICR] real value of ISR: 00000020
# ** Note: $finish    : /usr/share/questa/questasim/verilog_src/uvm-1.2/src/base/uvm_root.svh(517)
#    Time: 605 ns  Iteration: 128  Instance: /top
# End time: 18:49:35 on Sep 27,2026, Elapsed time: 0:00:02
# Errors: 0, Warnings: 1
End time: 18:49:35 on Sep 27,2026, Elapsed time: 0:00:11
*** Summary *********************************************
    qrun: Errors:   0, Warnings:   0
    vlog: Errors:   0, Warnings:   0
    vopt: Errors:   0, Warnings:   1
    vsim: Errors:   0, Warnings:   1
  Totals: Errors:   0, Warnings:   2
